{
	"confirmed": {
		"coins": "3.330000",
		"hours": "47375"
	},
	"spendable": {
		"coins": "3.330000",
		"hours": "47375"
	},
	"expected": {
		"coins": "3.330000",
		"hours": "47375"
	},
	"addresses": [
		{
			"confirmed": {
				"coins": "3.330000",
				"hours": "47375"
			},
			"spendable": {
				"coins": "3.330000",
				"hours": "47375"
			},
			"expected": {
				"coins": "3.330000",
				"hours": "47375"
			},
			"address": "2Dc7kXtwBLr8GL4TSZKFCJM3xqEwnqH6m67"
		}
	]
}
