{
	"richlist": [
		{
			"address": "21N2iJ1qnQRiJWcEqNRxXwfNp8QcmiyhtPy",
			"coins": "1000000.000000",
			"locked": false
		},
		{
			"address": "22dkmukC6iH4FFLBmHne6modJZZQ3MC9BAT",
			"coins": "1000000.000000",
			"locked": false
		},
		{
			"address": "22pyn5RyhqtTQu4obYjuWYRNNw4i54L8xVr",
			"coins": "1000000.000000",
			"locked": false
		},
		{
			"address": "24EG6uTzL7DHNzcwsygYGRR1nfu5kco7AZ1",
			"coins": "1000000.000000",
			"locked": false
		},
		{
			"address": "25NbotTka7TwtbXUpSCQD8RMgHKspyDubXJ",
			"coins": "1000000.000000",
			"locked": false
		},
		{
			"address": "25RGnhN7VojHUTvQBJA9nBT5y1qTQGULMzR",
			"coins": "1000000.000000",
			"locked": false
		},
		{
			"address": "25aGyzypSA3T9K6rgPUv1ouR13efNPtWP5m",
			"coins": "1000000.000000",
			"locked": false
		},
		{
			"address": "26uCBDfF8E2PJU2Dzz2ysgKwv9m4BhodTz9",
			"coins": "1000000.000000",
			"locked": false
		}
	]
}
