{
	"richlist": [
		{
			"address": "3iFGBKapAWWzbiGFSr5ScbhrEPm6Esyvia",
			"coins": "1000000.000000",
			"locked": false
		},
		{
			"address": "4CW2CPJEzxhn2PS4JoSLoWGL5QQ7dL2eji",
			"coins": "1000000.000000",
			"locked": false
		},
		{
			"address": "4Ebf4PkG9QEnQTm4MVvaZvJV6Y9av3jhgb",
			"coins": "1000000.000000",
			"locked": false
		},
		{
			"address": "5B98bU1nsedGJBdRD5wLtq7Z8t8ZXio8u5",
			"coins": "1000000.000000",
			"locked": false
		},
		{
			"address": "6NSJKsPxmqipGAfFFhUKbkopjrvEESTX3j",
			"coins": "1000000.000000",
			"locked": false
		},
		{
			"address": "7Uf5xJ3GkiEKaLxC2WmJ1t6SeekJeBdJfu",
			"coins": "1000000.000000",
			"locked": false
		},
		{
			"address": "8yf8PAQqU2cDj8Yzgz3LgBEyDqjvCh2xR7",
			"coins": "1000000.000000",
			"locked": false
		},
		{
			"address": "9TC4RGs6AtFUsbcVWnSoCdoCpSfM66ALAc",
			"coins": "1000000.000000",
			"locked": false
		},
		{
			"address": "A1QU6jKq8YgTP79M8fwZNHUZc7hConFKmy",
			"coins": "1000000.000000",
			"locked": false
		},
		{
			"address": "ALJVNKYL7WGxFBSriiZuwZKWD4b7fbV1od",
			"coins": "1000000.000000",
			"locked": false
		},
		{
			"address": "AYV8KEBEAPCg8a59cHgqHMqYHP9nVgQDyW",
			"coins": "1000000.000000",
			"locked": false
		},
		{
			"address": "Ak1qCDNudRxZVvcW6YDAdD9jpYNNStAVqm",
			"coins": "1000000.000000",
			"locked": false
		},
		{
			"address": "D3phtGr9iv6238b3zYXq6VgwrzwvfRzWZQ",
			"coins": "1000000.000000",
			"locked": false
		},
		{
			"address": "FEGxF3HPoM2HCWHn82tyeh9o7vEQq5ySGE",
			"coins": "1000000.000000",
			"locked": false
		},
		{
			"address": "GEBWJ2KpRQDBTCCtvnaAJV2cYurgXS8pta",
			"coins": "1000000.000000",
			"locked": false
		},
		{
			"address": "HvgNmDz5jD39Gwmi9VfDY1iYMhZUpZ8GKz",
			"coins": "1000000.000000",
			"locked": false
		},
		{
			"address": "JbM25o7kY7hqJZt3WGYu9pHZFCpA9TCR6t",
			"coins": "1000000.000000",
			"locked": false
		},
		{
			"address": "KPfqM6S96WtRLMuSy4XLfVwymVqivdcDoM",
			"coins": "1000000.000000",
			"locked": false
		},
		{
			"address": "KghGnWw5fppTrqHSERXZf61yf7GkuQdCnV",
			"coins": "1000000.000000",
			"locked": false
		},
		{
			"address": "MXJx96ZJVSjktgeYZpVK8vn1H3xWP8ooq5",
			"coins": "1000000.000000",
			"locked": false
		}
	]
}
