{
	"richlist": [
		{
			"address": "21N2iJ1qnQRiJWcEqNRxXwfNp8QcmiyhtPy",
			"coins": "1000000.000000",
			"locked": false
		},
		{
			"address": "22dkmukC6iH4FFLBmHne6modJZZQ3MC9BAT",
			"coins": "1000000.000000",
			"locked": false
		},
		{
			"address": "22pyn5RyhqtTQu4obYjuWYRNNw4i54L8xVr",
			"coins": "1000000.000000",
			"locked": false
		},
		{
			"address": "24EG6uTzL7DHNzcwsygYGRR1nfu5kco7AZ1",
			"coins": "1000000.000000",
			"locked": false
		},
		{
			"address": "25NbotTka7TwtbXUpSCQD8RMgHKspyDubXJ",
			"coins": "1000000.000000",
			"locked": false
		},
		{
			"address": "25RGnhN7VojHUTvQBJA9nBT5y1qTQGULMzR",
			"coins": "1000000.000000",
			"locked": false
		},
		{
			"address": "25aGyzypSA3T9K6rgPUv1ouR13efNPtWP5m",
			"coins": "1000000.000000",
			"locked": false
		},
		{
			"address": "26uCBDfF8E2PJU2Dzz2ysgKwv9m4BhodTz9",
			"coins": "1000000.000000",
			"locked": false
		},
		{
			"address": "286hSoJYxvENFSHwG51ZbmKaochLJyq4ERQ",
			"coins": "1000000.000000",
			"locked": false
		},
		{
			"address": "28J4mx8xfUtM92DbQ6i2Jmqw5J7dNivfroN",
			"coins": "1000000.000000",
			"locked": false
		},
		{
			"address": "29k9g3F5AYfVaa1joE1PpZjBED6hQXes8Mm",
			"coins": "1000000.000000",
			"locked": false
		},
		{
			"address": "2BsMfywmGV3M2CoDA112Rs7ZBkiMHfy9X11",
			"coins": "1000000.000000",
			"locked": false
		},
		{
			"address": "2DeK765jLgnMweYrMp1NaYHfzxumfR1PaQN",
			"coins": "1000000.000000",
			"locked": false
		},
		{
			"address": "2EUF3GPEUmfocnUc1w6YPtqXVCy3UZA4rAq",
			"coins": "1000000.000000",
			"locked": false
		},
		{
			"address": "2EYM4WFHe4Dgz6kjAdUkM6Etep7ruz2ia6h",
			"coins": "1000000.000000",
			"locked": false
		},
		{
			"address": "2GCdwsRpQhcf8SQcynFrMVDM26Bbj6sgv9M",
			"coins": "1000000.000000",
			"locked": false
		},
		{
			"address": "2MQJjLnWRp9eHh6MpCwpiUeshhtmri12mci",
			"coins": "1000000.000000",
			"locked": false
		},
		{
			"address": "2NRFe7REtSmaM2qAgZeG45hC8EtVGV2QjeB",
			"coins": "1000000.000000",
			"locked": false
		},
		{
			"address": "2Nu5Jv5Wp3RYGJU1EkjWFFHnebxMx1GjfkF",
			"coins": "1000000.000000",
			"locked": false
		},
		{
			"address": "2QjRQUMyL6iodtHP9zKmxCNYZ7k3jxtk49C",
			"coins": "1000000.000000",
			"locked": false
		}
	]
}
