{
	"richlist": [
		{
			"address": "3iFGBKapAWWzbiGFSr5ScbhrEPm6Esyvia",
			"coins": "1000000.000000",
			"locked": false
		},
		{
			"address": "4CW2CPJEzxhn2PS4JoSLoWGL5QQ7dL2eji",
			"coins": "1000000.000000",
			"locked": false
		},
		{
			"address": "4Ebf4PkG9QEnQTm4MVvaZvJV6Y9av3jhgb",
			"coins": "1000000.000000",
			"locked": false
		},
		{
			"address": "5B98bU1nsedGJBdRD5wLtq7Z8t8ZXio8u5",
			"coins": "1000000.000000",
			"locked": false
		},
		{
			"address": "6NSJKsPxmqipGAfFFhUKbkopjrvEESTX3j",
			"coins": "1000000.000000",
			"locked": false
		},
		{
			"address": "7Uf5xJ3GkiEKaLxC2WmJ1t6SeekJeBdJfu",
			"coins": "1000000.000000",
			"locked": false
		},
		{
			"address": "8yf8PAQqU2cDj8Yzgz3LgBEyDqjvCh2xR7",
			"coins": "1000000.000000",
			"locked": false
		},
		{
			"address": "9TC4RGs6AtFUsbcVWnSoCdoCpSfM66ALAc",
			"coins": "1000000.000000",
			"locked": false
		}
	]
}
