{
	"richlist": [
		{
			"address": "78Av9fW9wHqA2z95dG2NxehoeqQb2vWJ3G",
			"coins": "10000000.000000",
			"locked": true
		},
		{
			"address": "C5DxWe6onmCPY7LuxXgGjxqRny5kPmPzAV",
			"coins": "10000000.000000",
			"locked": true
		},
		{
			"address": "Dp4hj2ueG8d5D2TQhoJ6R8HR7BdsCqoK7y",
			"coins": "10000000.000000",
			"locked": true
		},
		{
			"address": "FRBbWo7EYLqVciVedwu2d7GVEbP4GnTVww",
			"coins": "10000000.000000",
			"locked": true
		},
		{
			"address": "FzyQg4YwsCAwByBwWMmr8H4yJ6JTuZXS4z",
			"coins": "10000000.000000",
			"locked": true
		},
		{
			"address": "HNEjd5PkgSTRT8J1wkoJogqZx3CvWuuFsF",
			"coins": "10000000.000000",
			"locked": true
		},
		{
			"address": "KE1En9rWfDLsFJ6gHtgq5zM7c65ybqTFSX",
			"coins": "10000000.000000",
			"locked": true
		},
		{
			"address": "NAipXTCA7s7TsuLF5vYfo1soM4qsDdVqWe",
			"coins": "10000000.000000",
			"locked": true
		},
		{
			"address": "Q7Bpt1xNYki4GNs5wPNJfHoacb5nmqgGip",
			"coins": "10000000.000000",
			"locked": true
		},
		{
			"address": "SbEtQEp8f6mt4AAnGRvhouyUaPbJWCj2dj",
			"coins": "10000000.000000",
			"locked": true
		},
		{
			"address": "Tfxef8dF7hKipzopgyJ8w31S8zzKGq5Mgj",
			"coins": "10000000.000000",
			"locked": true
		},
		{
			"address": "TpDAYoV9qNhC4Q3hwuk1mU2rRhFkZV1UFj",
			"coins": "10000000.000000",
			"locked": true
		},
		{
			"address": "WPTST2QRGAxCkEBmaLYbBba9Jj4NnzkAVE",
			"coins": "10000000.000000",
			"locked": true
		},
		{
			"address": "Zk2VYvBUJeoJWL5fK8NerUeWW3we8ucKXs",
			"coins": "10000000.000000",
			"locked": true
		},
		{
			"address": "bNJtnBtzPh7SWQPDHt9x9fnWV69kHoh7mi",
			"coins": "10000000.000000",
			"locked": true
		},
		{
			"address": "fJdyQV58wCoE6boekQEvK2kpoXL47YfMKZ",
			"coins": "10000000.000000",
			"locked": true
		},
		{
			"address": "gy4huwqBjtRmkFVPAjVt8ajvPPsAogUSnF",
			"coins": "10000000.000000",
			"locked": true
		},
		{
			"address": "nv1t1pj7vikFAJ89hKPGZwGArMR3tRAk6o",
			"coins": "10000000.000000",
			"locked": true
		},
		{
			"address": "oPRqcrZXK6fcDxE87DQLRqa7CpzwgcDi57",
			"coins": "10000000.000000",
			"locked": true
		},
		{
			"address": "pG9Hi9RyXU5CSNdYHmsYefeU6cVTiWVzPm",
			"coins": "10000000.000000",
			"locked": true
		},
		{
			"address": "pgysZ9UQXyahRNAgiK2N3vWhj8tXz1bmEc",
			"coins": "10000000.000000",
			"locked": true
		},
		{
			"address": "uKJiwSEVJ6ygLKC2NusrSbAkR7qroqDXyY",
			"coins": "10000000.000000",
			"locked": true
		},
		{
			"address": "umofLhswKZ2KiWTPcGEbcsw5qyhTZydZWh",
			"coins": "10000000.000000",
			"locked": true
		},
		{
			"address": "vnfsK3R7fY1ReQy2Fyp7NdacdQPubfpVvh",
			"coins": "10000000.000000",
			"locked": true
		},
		{
			"address": "22mbJCQboNHYXe7uV7RYSFejR4dSzTJa5sX",
			"coins": "10000000.000000",
			"locked": true
		},
		{
			"address": "232rP89hcUcmN6PxiJoqEHvApM93qpGkLG4",
			"coins": "10000000.000000",
			"locked": true
		},
		{
			"address": "236j2jsVNHmtHKeGxqbUzVkSP3GWXs2JCQx",
			"coins": "10000000.000000",
			"locked": true
		},
		{
			"address": "23EKv4CUZBG7S7t7wbex6yTCvqfmvrgvEPm",
			"coins": "10000000.000000",
			"locked": true
		},
		{
			"address": "28MdXYcghLqh77v1bn143uerJhQVfYijejU",
			"coins": "10000000.000000",
			"locked": true
		},
		{
			"address": "2AU6dqKPkqE1rkiZFNYwm4kg2sKWi5Vw8xC",
			"coins": "10000000.000000",
			"locked": true
		},
		{
			"address": "2Fyh2BkTqtPCEkBiCD3RG2Jqtr7rJUEYbcq",
			"coins": "10000000.000000",
			"locked": true
		},
		{
			"address": "2GeELJpt8zTQYpX7mdjUqXY6jL15ECkULct",
			"coins": "10000000.000000",
			"locked": true
		},
		{
			"address": "2Grpx1D2SwHw8oZL5c9MgdkppzBq4kSJS8E",
			"coins": "10000000.000000",
			"locked": true
		},
		{
			"address": "2MfM8Z2cadrqbKzjgWs1NdU3WzSidTcbgqh",
			"coins": "10000000.000000",
			"locked": true
		},
		{
			"address": "2PJxrtQKN8h4MwoePHpypntfDgu93Rpnd39",
			"coins": "10000000.000000",
			"locked": true
		},
		{
			"address": "2PxQpePbDqC9wWVDH17RUypiJiS56sSZT4S",
			"coins": "10000000.000000",
			"locked": true
		},
		{
			"address": "2RZq4AdSfGNPc4gvV9kmg7BeWzdWZY7MHSX",
			"coins": "10000000.000000",
			"locked": true
		},
		{
			"address": "2VDtZJ96PpLzFKrBEChW7R7i7UfZQzRxPbw",
			"coins": "10000000.000000",
			"locked": true
		},
		{
			"address": "2XNPgq7jRSPSvVDxzAWULpekTqYdWQHT7Eg",
			"coins": "10000000.000000",
			"locked": true
		},
		{
			"address": "2e1XQxpAnySE4qvuPfiUmchxynkSfFVUdtJ",
			"coins": "10000000.000000",
			"locked": true
		},
		{
			"address": "2giFWTbYMUcFfYjBCK4ntdh3C4974Fi4rXs",
			"coins": "10000000.000000",
			"locked": true
		},
		{
			"address": "2jC2H9qm82LkKVfKQqLK7aDSGm9UzTJq6Jy",
			"coins": "10000000.000000",
			"locked": true
		},
		{
			"address": "2kZy49WY6pqaBzDfM9i2Mucx3KGNiY48459",
			"coins": "10000000.000000",
			"locked": true
		},
		{
			"address": "2ksmbJ7g94vrPuj1epcoktgS3azQRstx5Ly",
			"coins": "10000000.000000",
			"locked": true
		},
		{
			"address": "18AgYwA3FBRgjLjsQ552KXvxYnWSM1ek3j",
			"coins": "10000000.000000",
			"locked": false
		},
		{
			"address": "5sxt6PDEjM8DkMkZ8z16eSmspbAzBs8kDn",
			"coins": "10000000.000000",
			"locked": false
		},
		{
			"address": "7Sb5PMQYchRofXjPgjrotMqk1YcFuizdr8",
			"coins": "10000000.000000",
			"locked": false
		},
		{
			"address": "ASpdMF7B4jwtqYpmz54bBQybXFHTW9oMLS",
			"coins": "10000000.000000",
			"locked": false
		},
		{
			"address": "BC9dZmuudgfr1ZRqVKMYyCz9tuDATbkNju",
			"coins": "10000000.000000",
			"locked": false
		},
		{
			"address": "BV9YUZg88oeyHSNoJNDxAUAQqg3A73esHo",
			"coins": "10000000.000000",
			"locked": false
		},
		{
			"address": "BWJ4hvVrBuPuBU7YX9ufXyRFZvAURCkNhF",
			"coins": "10000000.000000",
			"locked": false
		},
		{
			"address": "CdQ2SXuuZ6oNvivX1GpWoZcjne61wGFUaV",
			"coins": "10000000.000000",
			"locked": false
		},
		{
			"address": "Frzn1E2HGV7WkcTWSGtH8tht1QSwncAFjc",
			"coins": "10000000.000000",
			"locked": false
		},
		{
			"address": "JksveJVfR5ronVt64ifeip2Gmc6mTk4qEq",
			"coins": "10000000.000000",
			"locked": false
		},
		{
			"address": "KTpqcH9iW1xvZNHV26jmUJQeinnZQXfjoi",
			"coins": "10000000.000000",
			"locked": false
		},
		{
			"address": "M7iPe2rwvZWhsuAUyXjG9tdze1cpyL7v7m",
			"coins": "10000000.000000",
			"locked": false
		},
		{
			"address": "PQdzt6fvhK2dsqowNMFQPz9aJ1pK8iSqzW",
			"coins": "10000000.000000",
			"locked": false
		},
		{
			"address": "R1FgfgENJNX9XTvVC3wYvwNuWDmgaZbbSW",
			"coins": "10000000.000000",
			"locked": false
		},
		{
			"address": "Uv9VzjT4tkA2CU15bsFiPiJtjyQhUrkABG",
			"coins": "10000000.000000",
			"locked": false
		},
		{
			"address": "W4q8U5CXozkTfFQNP9nwCrrrcDbiyGEXYP",
			"coins": "10000000.000000",
			"locked": false
		},
		{
			"address": "WLnPhwRrott78ur57E24Ns9pTubaJqBrW1",
			"coins": "10000000.000000",
			"locked": false
		},
		{
			"address": "XMVKNxauGpDfUWTN45LKuqWV1A6yPKdyhw",
			"coins": "10000000.000000",
			"locked": false
		},
		{
			"address": "aXvixs8fdgSnQDSdabce3eYaXQNEr1HZV1",
			"coins": "10000000.000000",
			"locked": false
		},
		{
			"address": "bdjVMJ5i2kAGAh33ZrsKV2yjZxV6NsVGb1",
			"coins": "10000000.000000",
			"locked": false
		},
		{
			"address": "cX9PVpSN6mB3uVNJa6nk8qZnaj2mvrk9Ke",
			"coins": "10000000.000000",
			"locked": false
		},
		{
			"address": "gWw3pL7okUQe1m1jBnpeiFjbBN9YA1mtbZ",
			"coins": "10000000.000000",
			"locked": false
		},
		{
			"address": "hGeqAhSSGGm4VoH8prefVwHE5t55ePncrX",
			"coins": "10000000.000000",
			"locked": false
		},
		{
			"address": "mPr3XdR1rCF4Rwco1YTE3fnJkbHrmi8L5Q",
			"coins": "10000000.000000",
			"locked": false
		},
		{
			"address": "mRyYjpnfFUeao5absoCwCe9z4PAJfnEW7r",
			"coins": "10000000.000000",
			"locked": false
		},
		{
			"address": "oYosFCapLA61fczjLbgU9wN2F69BzwwTR8",
			"coins": "10000000.000000",
			"locked": false
		},
		{
			"address": "p8aE795QKLsLHFfZba1YWpekZxDco99cTu",
			"coins": "10000000.000000",
			"locked": false
		},
		{
			"address": "qdq48BWXxboGjrV9PJj5njK5WaAwBMeUUN",
			"coins": "10000000.000000",
			"locked": false
		},
		{
			"address": "sDNVkAntVKY32vJ99rhgzUnjPz9UBGvdjC",
			"coins": "10000000.000000",
			"locked": false
		},
		{
			"address": "wpmKzZTJKbWBR4ZcA1judzjDQrqur6PCEm",
			"coins": "10000000.000000",
			"locked": false
		},
		{
			"address": "xJeu6Auwb54xeQfMCVJgXht3N44khD5eQW",
			"coins": "10000000.000000",
			"locked": false
		},
		{
			"address": "z9gC7LG5HFgdiCyj5s7WiSvq4M9s4Ar2H4",
			"coins": "10000000.000000",
			"locked": false
		},
		{
			"address": "zws2msPdHGp4VAxMLGHbUJwgbZdCQ4xGoT",
			"coins": "10000000.000000",
			"locked": false
		},
		{
			"address": "24C5KaENz4VvmfG1xv4HMPQU69pcJMwXAKZ",
			"coins": "10000000.000000",
			"locked": false
		},
		{
			"address": "26V697Dm8wCPcvn8z6Lx1RMRP1gMKSMwZhz",
			"coins": "10000000.000000",
			"locked": false
		},
		{
			"address": "298PpFFEeYoZAtJexfHmywGYtPNUg1UKK2A",
			"coins": "10000000.000000",
			"locked": false
		},
		{
			"address": "2BTpkFTEJ2Txv8i99f9WNZNcwECZmQVCwbk",
			"coins": "10000000.000000",
			"locked": false
		},
		{
			"address": "2DhBEAarac7m3ESMoyYVt6iVPJ8VNkk5WAr",
			"coins": "10000000.000000",
			"locked": false
		},
		{
			"address": "2HYZmUUaCB1roZt5ZWbUdSX5mYhSdeWotwu",
			"coins": "10000000.000000",
			"locked": false
		},
		{
			"address": "2HfVWrjubFRJy1MVShgsv7MckPbGfL17Y2T",
			"coins": "10000000.000000",
			"locked": false
		},
		{
			"address": "2K6VWQGvkTHAgmh6yWeu8K4tXqahMrjxa4i",
			"coins": "10000000.000000",
			"locked": false
		},
		{
			"address": "2KC3m6YbX4jf8n42nFY5D7k1ws4fWzAPhrn",
			"coins": "10000000.000000",
			"locked": false
		},
		{
			"address": "2LUgXJK78VB7tcARHQAMeXsZTba9mzant2k",
			"coins": "10000000.000000",
			"locked": false
		},
		{
			"address": "2LsZFGXTxK69wht3pQtV72VBfvmAFrCYq9C",
			"coins": "10000000.000000",
			"locked": false
		},
		{
			"address": "2N3d2VZCp6EpH1H8AZ5kmNQq4dS4zo1u7Dw",
			"coins": "10000000.000000",
			"locked": false
		},
		{
			"address": "2NrzzrW9MgXPyVrHYqHD2HYLEmUQJJ2kNHf",
			"coins": "10000000.000000",
			"locked": false
		},
		{
			"address": "2Rjr6wVyncNdsiVk4ZULcx8AiM7rbuiY7yt",
			"coins": "10000000.000000",
			"locked": false
		},
		{
			"address": "2Ze8QePcHxX8ehYfBKp3oWJGXdoScTyzxkT",
			"coins": "10000000.000000",
			"locked": false
		},
		{
			"address": "2cvs1A5vwMnfFSbMotNS4Rqrp5ZZJYP7rDM",
			"coins": "10000000.000000",
			"locked": false
		},
		{
			"address": "2dAGNzdgCPv4Shbe4A7hkNQEJL4jUF3ehcF",
			"coins": "10000000.000000",
			"locked": false
		},
		{
			"address": "2dqLJoAUQiPx9njaFpE4ano9nvMGYSTpJN4",
			"coins": "10000000.000000",
			"locked": false
		},
		{
			"address": "2eDpyQSS5pimLRNbfKn31F34S9QHDX93ojA",
			"coins": "10000000.000000",
			"locked": false
		},
		{
			"address": "2fk5zwsKz7tqKSJcT3zbzSyPfEr7fL3aiWo",
			"coins": "10000000.000000",
			"locked": false
		},
		{
			"address": "2g8a5ZGoqbHk6Hr42GBaXcqFK3gvy2GZvhf",
			"coins": "10000000.000000",
			"locked": false
		},
		{
			"address": "2mW5PmgXp1RNBK3A7JZgz7AGcPr4crn9rto",
			"coins": "10000000.000000",
			"locked": false
		},
		{
			"address": "czQ5CFysUTYDNqB2usjjdvEKy8Y5Wpewyh",
			"coins": "9999900.000000",
			"locked": false
		},
		{
			"address": "CDLrMvPcmpdido8cbSFNNgzQXdC97TsgEQ",
			"coins": "85.003000",
			"locked": false
		},
		{
			"address": "LzBBkw5U5BrtcqkAz4x9wHNN1GteJUL1Hi",
			"coins": "9.768000",
			"locked": false
		},
		{
			"address": "2Dc7kXtwBLr8GL4TSZKFCJM3xqEwnqH6m67",
			"coins": "3.330000",
			"locked": false
		},
		{
			"address": "6bCydnmFtHpZSL88McsynH3kNPDdaNxQpY",
			"coins": "0.900000",
			"locked": false
		},
		{
			"address": "2RnBYRBLmZGys3N4nLDbRgHKDuFHxwa58Sf",
			"coins": "0.880000",
			"locked": false
		},
		{
			"address": "yBRshTxPszDHB88e9Kg4iLXaefeMMtyeEz",
			"coins": "0.100000",
			"locked": false
		},
		{
			"address": "4BqeT2FnbL6Ui7V7z7yMvsvNeJQ6h8HdQR",
			"coins": "0.010000",
			"locked": false
		},
		{
			"address": "27A6NxDMcW7gpaWKghuWxbFcbNBmxevM9Q",
			"coins": "0.008000",
			"locked": false
		},
		{
			"address": "2yTcExvfLJZEzvERGmtD6p7Eb1aj5ceJKf",
			"coins": "0.001000",
			"locked": false
		}
	]
}
